###############################################################################
#
# IAR ELF Linker V2.20.1.176 for STM8                     04/Sep/2017  05:55:32
# Copyright 2010-2015 IAR Systems AB.
#
#    Output file  =  
#        C:\Users\sam\Desktop\BatteryCapacity\Firmware\EWSTM8\Debug\Exe\BatteryCapacity.out
#    Map file     =  
#        C:\Users\sam\Desktop\BatteryCapacity\Firmware\EWSTM8\Debug\List\BatteryCapacity.map
#    Command line =  
#        C:\Users\sam\Desktop\BatteryCapacity\Firmware\EWSTM8\Debug\Obj\lcd_4bit.o
#        C:\Users\sam\Desktop\BatteryCapacity\Firmware\EWSTM8\Debug\Obj\main.o
#        C:\Users\sam\Desktop\BatteryCapacity\Firmware\EWSTM8\Debug\Obj\millis.o
#        C:\Users\sam\Desktop\BatteryCapacity\Firmware\EWSTM8\Debug\Obj\stm8s_adc1.o
#        C:\Users\sam\Desktop\BatteryCapacity\Firmware\EWSTM8\Debug\Obj\stm8s_clk.o
#        C:\Users\sam\Desktop\BatteryCapacity\Firmware\EWSTM8\Debug\Obj\stm8s_exti.o
#        C:\Users\sam\Desktop\BatteryCapacity\Firmware\EWSTM8\Debug\Obj\stm8s_gpio.o
#        C:\Users\sam\Desktop\BatteryCapacity\Firmware\EWSTM8\Debug\Obj\stm8s_it.o
#        C:\Users\sam\Desktop\BatteryCapacity\Firmware\EWSTM8\Debug\Obj\stm8s_tim4.o
#        --redirect _Printf=_PrintfFullNoMb --redirect _Scanf=_ScanfFullNoMb -o
#        C:\Users\sam\Desktop\BatteryCapacity\Firmware\EWSTM8\Debug\Exe\BatteryCapacity.out
#        --map
#        C:\Users\sam\Desktop\BatteryCapacity\Firmware\EWSTM8\Debug\List\BatteryCapacity.map
#        --config "C:\Program Files (x86)\IAR Systems\Embedded Workbench
#        7.3\stm8\config\lnkstm8s003f3.icf" --config_def _CSTACK_SIZE=0x100
#        --config_def _HEAP_SIZE=0x00 --entry __iar_program_start --debug_lib
#
###############################################################################

*******************************************************************************
*** RUNTIME MODEL ATTRIBUTES
***

__SystemLibrary            = DLib
__code_model               = small
__core                     = stm8
__data_model               = medium
__dlib_file_descriptor     = 0
__dlib_full_locale_support = 0
__rt_version               = 4


*******************************************************************************
*** PLACEMENT SUMMARY
***

"A1":  place at start of [0x000000-0x0000ff] { rw section .vregs };
"A2":  place at end of [0x000000-0x0003ff] { block CSTACK };
"P2":  place in [from 0x000000 to 0x0003ff] {
          block HEAP, rw section __DLIB_PERTHREAD, rw section .far.bss,
          rw section .far.data, rw section .far.noinit,
          rw section .far_func.textrw, rw section .huge.bss,
          rw section .huge.data, rw section .huge.noinit,
          rw section .huge_func.textrw, rw section .iar.dynexit,
          rw section .near.bss, rw section .near.data, rw section .near.noinit,
          rw section .near_func.textrw };
"A3":  place at start of [0x008000-0x009fff] { block INTVEC };
"P3":  place in [from 0x008000 to 0x009fff] {
          ro section __DLIB_PERTHREAD_init, ro section .far.data_init,
          ro section .far_func.textrw_init, ro section .huge.data_init,
          ro section .huge_func.textrw_init, ro section .iar.init_table,
          ro section .init_array, ro section .near.data_init,
          ro section .near.rodata, ro section .near_func.text,
          ro section .near_func.textrw_init, ro section .tiny.data_init,
          ro section .tiny.rodata_init };

  Section            Kind      Address    Size  Object
  -------            ----      -------    ----  ------
"A1":                                     0x10
  .vregs             uninit   0x000000    0x10  vregs.o [4]
                            - 0x000010    0x10

"P2", part 1 of 2:                        0x10
  P2-1                        0x000010    0x10  <Init block>
    .near.data       inited   0x000010     0x4  main.o [1]
    .near.data       inited   0x000014     0x4  main.o [1]
    .near.data       inited   0x000018     0x4  main.o [1]
    .near.data       inited   0x00001c     0x4  main.o [1]
                            - 0x000020    0x10

"P2", part 2 of 2:                        0x2c
  .near.bss          zero     0x000020     0x4  main.o [1]
  .near.bss          zero     0x000024     0x4  main.o [1]
  .near.bss          zero     0x000028     0x4  main.o [1]
  .near.bss          zero     0x00002c     0x4  main.o [1]
  .near.bss          zero     0x000030     0x4  main.o [1]
  .near.bss          zero     0x000034     0x4  main.o [1]
  .near.bss          zero     0x000038     0x4  main.o [1]
  .near.bss          zero     0x00003c     0x4  main.o [1]
  .near.bss          zero     0x000040     0x4  main.o [1]
  .near.bss          zero     0x000044     0x4  millis.o [1]
  .near.bss          zero     0x000048     0x1  main.o [1]
  .near.bss          zero     0x000049     0x1  main.o [1]
  .near.bss          zero     0x00004a     0x1  main.o [1]
  .near.bss          zero     0x00004b     0x1  main.o [1]
                            - 0x00004c    0x2c

"A2":                                    0x100
  CSTACK                      0x000300   0x100  <Block>
    CSTACK           uninit   0x000300   0x100  <Block tail>
                            - 0x000400   0x100

"A3":                                     0x80
  INTVEC                      0x008000    0x80  <Block>
    .intvec          const    0x008000    0x80  interrupt.o [4]
                            - 0x008080    0x80

"P3":                                   0x1adb
  .near_func.text    ro code  0x008080   0x4a3  main.o [1]
  .near_func.text    ro code  0x008523   0x463  float.o [4]
  .near_func.text    ro code  0x008986   0x19a  stm8s_adc1.o [1]
  .near_func.text    ro code  0x008b20   0x195  long.o [4]
  .near_func.text    ro code  0x008cb5   0x114  stm8s_gpio.o [1]
  .near_func.text    ro code  0x008dc9   0x112  vreg_util.o [4]
  .near_func.text    ro code  0x008edb    0xfc  stm8s_adc1.o [1]
  .near_func.text    ro code  0x008fd7    0xc5  lcd_4bit.o [1]
  .near_func.text    ro code  0x00909c    0xbe  stm8s_adc1.o [1]
  .near_func.text    ro code  0x00915a    0xb7  stm8s_adc1.o [1]
  .near_func.text    ro code  0x009211    0xb7  stm8s_adc1.o [1]
  .near_func.text    ro code  0x0092c8    0x86  main.o [1]
  .near_func.text    ro code  0x00934e    0x64  main.o [1]
  .near_func.text    ro code  0x0093b2    0x59  lcd_4bit.o [1]
  .near_func.text    ro code  0x00940b    0x59  lcd_4bit.o [1]
  .near_func.text    ro code  0x009464    0x59  stm8s_adc1.o [1]
  .near.rodata       const    0x0094bd    0x56  stm8s_adc1.o [1]
  .near.rodata       const    0x009513    0x56  stm8s_gpio.o [1]
  .near.rodata       const    0x009569    0x56  stm8s_tim4.o [1]
  .near.rodata       const    0x0095bf    0x55  stm8s_clk.o [1]
  .near_func.text    ro code  0x009614    0x55  stm8s_adc1.o [1]
  .near_func.text    ro code  0x009669    0x53  stm8s_adc1.o [1]
  .near_func.text    ro code  0x0096bc    0x51  stm8s_tim4.o [1]
  .near_func.text    ro code  0x00970d    0x50  stm8s_tim4.o [1]
  .near_func.text    ro code  0x00975d    0x3d  stm8s_clk.o [1]
  .near_func.text    ro code  0x00979a    0x37  main.o [1]
  .near_func.text    ro code  0x0097d1    0x31  stm8s_adc1.o [1]
  .near_func.text    ro code  0x009802    0x2f  stm8s_tim4.o [1]
  .near_func.text    ro code  0x009831    0x2c  main.o [1]
  .near_func.text    ro code  0x00985d    0x28  init_small.o [4]
  .near_func.text    ro code  0x009885    0x27  millis.o [1]
  .near_func.text    ro code  0x0098ac    0x26  long_util.o [4]
  .near_func.text    ro code  0x0098d2    0x24  millis.o [1]
  .near_func.text    ro code  0x0098f6    0x24  stm8s_tim4.o [1]
  .near_func.text    ro code  0x00991a    0x24  stm8s_tim4.o [1]
  .near_func.text    ro code  0x00993e    0x23  millis.o [1]
  .near_func.text    ro code  0x009961    0x22  lcd_4bit.o [1]
  .iar.init_table    const    0x009983    0x12  - Linker created -
  .near_func.text    ro code  0x009995    0x1e  init_small.o [4]
  .near_func.text    ro code  0x0099b3    0x1c  lcd_4bit.o [1]
  .near_func.text    ro code  0x0099cf    0x19  stm8s_tim4.o [1]
  .near_func.text    ro code  0x0099e8    0x18  dc_util.o [4]
  .near_func.text    ro code  0x009a00    0x17  init.o [4]
  .near_func.text    ro code  0x009a17    0x14  __dbg_xxexit.o [3]
  .near_func.text    ro code  0x009a2b    0x13  cstartup.o [4]
  .near.rodata       const    0x009a3e    0x11  main.o [1]
  .near.rodata       const    0x009a4f    0x11  main.o [1]
  .near.rodata       const    0x009a60    0x11  main.o [1]
  .near.rodata       const    0x009a71    0x11  main.o [1]
  .near.rodata       const    0x009a82    0x11  main.o [1]
  .near.rodata       const    0x009a93    0x10  main.o [1]
  Initializer bytes  const    0x009aa3    0x10  <for P2-1>
  .near.rodata       const    0x009ab3     0xf  main.o [1]
  .near_func.text    ro code  0x009ac2     0xf  short.o [4]
  .near.rodata       const    0x009ad1     0xe  main.o [1]
  .near.rodata       const    0x009adf     0xe  main.o [1]
  .near.rodata       const    0x009aed     0xe  main.o [1]
  .near_func.text    ro code  0x009afb     0x9  stm8s_gpio.o [1]
  .near_func.text    ro code  0x009b04     0x7  stm8s_gpio.o [1]
  .near.rodata       const    0x009b0b     0x6  main.o [1]
  .near.rodata       const    0x009b11     0x6  main.o [1]
  .near_func.text    ro code  0x009b17     0x6  millis.o [1]
  .near.rodata       const    0x009b1d     0x5  main.o [1]
  .near_func.text    ro code  0x009b22     0x5  stm8s_adc1.o [1]
  .near_func.text    ro code  0x009b27     0x5  stm8s_gpio.o [1]
  .near_func.text    ro code  0x009b2c     0x5  cexit.o [4]
  .near_func.text    ro code  0x009b31     0x4  stm8s_gpio.o [1]
  .near.rodata       const    0x009b35     0x3  main.o [1]
  .near_func.text    ro code  0x009b38     0x3  interrupt.o [4]
  .near_func.text    ro code  0x009b3b     0x3  low_level_init.o [4]
  .near_func.text    ro code  0x009b3e     0x3  exit.o [4]
  .near_func.text    ro code  0x009b41     0x3  unhandled_exception.o [4]
  .near_func.text    ro code  0x009b44     0x2  main.o [1]
  .near_func.text    ro code  0x009b46     0x2  stm8s_gpio.o [1]
  .near_func.text    ro code  0x009b48     0x1  stm8s_it.o [1]
  .near_func.text    ro code  0x009b49     0x1  stm8s_it.o [1]
  .near_func.text    ro code  0x009b4a     0x1  stm8s_it.o [1]
  .near_func.text    ro code  0x009b4b     0x1  stm8s_it.o [1]
  .near_func.text    ro code  0x009b4c     0x1  stm8s_it.o [1]
  .near_func.text    ro code  0x009b4d     0x1  stm8s_it.o [1]
  .near_func.text    ro code  0x009b4e     0x1  stm8s_it.o [1]
  .near_func.text    ro code  0x009b4f     0x1  stm8s_it.o [1]
  .near_func.text    ro code  0x009b50     0x1  stm8s_it.o [1]
  .near_func.text    ro code  0x009b51     0x1  stm8s_it.o [1]
  .near_func.text    ro code  0x009b52     0x1  stm8s_it.o [1]
  .near_func.text    ro code  0x009b53     0x1  stm8s_it.o [1]
  .near_func.text    ro code  0x009b54     0x1  stm8s_it.o [1]
  .near_func.text    ro code  0x009b55     0x1  stm8s_it.o [1]
  .near_func.text    ro code  0x009b56     0x1  stm8s_it.o [1]
  .near_func.text    ro code  0x009b57     0x1  stm8s_it.o [1]
  .near_func.text    ro code  0x009b58     0x1  stm8s_it.o [1]
  .near_func.text    ro code  0x009b59     0x1  stm8s_it.o [1]
  .near_func.text    ro code  0x009b5a     0x1  __dbg_break.o [3]
                            - 0x009b5b  0x1adb


*******************************************************************************
*** INIT TABLE
***

          Address   Size
          -------   ----
Zero (__iar_zero_init2)
    1 destination range, total size 0x2c:
          0x000020  0x2c

Copy (__iar_copy_init2)
    1 source range, total size 0x10:
          0x009aa3  0x10
    1 destination range, total size 0x10:
          0x000010  0x10



*******************************************************************************
*** MODULE SUMMARY
***

    Module                 ro code  ro data  rw data
    ------                 -------  -------  -------
C:\Users\sam\Desktop\BatteryCapacity\Firmware\EWSTM8\Debug\Obj: [1]
    lcd_4bit.o                 437
    main.o                   1 522      194       56
    millis.o                   116                 4
    stm8s_adc1.o             1 529       86
    stm8s_clk.o                 61       85
    stm8s_gpio.o               303       86
    stm8s_it.o                  18
    stm8s_tim4.o               305       86
    ------------------------------------------------
    Total:                   4 291      537       60

command line: [2]
    ------------------------------------------------
    Total:

dbgstm8smd.a: [3]
    __dbg_break.o                1
    __dbg_xxexit.o              20
    ------------------------------------------------
    Total:                      21

dlstm8smn.a: [4]
    cexit.o                      5
    cstartup.o                  19
    dc_util.o                   24
    exit.o                       3
    float.o                  1 123
    init.o                      23
    init_small.o                70
    interrupt.o                  3      128
    long.o                     405
    long_util.o                 38
    low_level_init.o             3
    short.o                     15
    unhandled_exception.o        3
    vreg_util.o                274
    vregs.o                                       16
    ------------------------------------------------
    Total:                   2 008      128       16

    Linker created                       18      256
----------------------------------------------------
    Grand Total:             6 320      683      332


*******************************************************************************
*** ENTRY LIST
***

Entry                    Address   Size  Type      Object
-----                    -------   ----  ----      ------
.iar.init_table$$Base   0x009983          --   Gb  - Linker created -
.iar.init_table$$Limit  0x009995          --   Gb  - Linker created -
?b0                     0x000000         Data  Gb  vregs.o [4]
?b1                     0x000001         Data  Gb  vregs.o [4]
?b10                    0x00000a         Data  Gb  vregs.o [4]
?b11                    0x00000b         Data  Gb  vregs.o [4]
?b12                    0x00000c         Data  Gb  vregs.o [4]
?b13                    0x00000d         Data  Gb  vregs.o [4]
?b14                    0x00000e         Data  Gb  vregs.o [4]
?b15                    0x00000f         Data  Gb  vregs.o [4]
?b2                     0x000002         Data  Gb  vregs.o [4]
?b3                     0x000003         Data  Gb  vregs.o [4]
?b4                     0x000004         Data  Gb  vregs.o [4]
?b5                     0x000005         Data  Gb  vregs.o [4]
?b6                     0x000006         Data  Gb  vregs.o [4]
?b7                     0x000007         Data  Gb  vregs.o [4]
?b8                     0x000008         Data  Gb  vregs.o [4]
?b9                     0x000009         Data  Gb  vregs.o [4]
?dc32_l1                0x0099e8         Code  Gb  dc_util.o [4]
?dc32_px                0x0099f5         Code  Gb  dc_util.o [4]
?e0                     0x000001         Data  Gb  vregs.o [4]
?e1                     0x000005         Data  Gb  vregs.o [4]
?e2                     0x000009         Data  Gb  vregs.o [4]
?e3                     0x00000d         Data  Gb  vregs.o [4]
?epilogue_l2            0x008e64         Code  Gb  vreg_util.o [4]
?epilogue_l2_l3         0x008e61         Code  Gb  vreg_util.o [4]
?epilogue_l2_w6         0x008e68         Code  Gb  vreg_util.o [4]
?epilogue_w4            0x008e6f         Code  Gb  vreg_util.o [4]
?fadd32_l0_l0_0x        0x008549         Code  Gb  float.o [4]
?fadd32_l0_l0_l1        0x00854c         Code  Gb  float.o [4]
?fcastf32u16_l0_x       0x0087d2         Code  Gb  float.o [4]
?fcastf32u32_l0_l0      0x008840         Code  Gb  float.o [4]
?fcastu32f32_l0_l0      0x0087f0         Code  Gb  float.o [4]
?fcmpge32_c_l0_0x       0x008773         Code  Gb  float.o [4]
?fcmplt32_c_l0_0x       0x00877c         Code  Gb  float.o [4]
?fcmplt32_c_l0_dc32     0x008777         Code  Gb  float.o [4]
?fdiv32_l0_l0_0x        0x0086c2         Code  Gb  float.o [4]
?fdiv32_l0_l0_dc32      0x0086bd         Code  Gb  float.o [4]
?fdiv32_l0_l0_l1        0x0086c5         Code  Gb  float.o [4]
?fmul32_l0_l0_0x        0x00861f         Code  Gb  float.o [4]
?fmul32_l0_l0_dc32      0x00861a         Code  Gb  float.o [4]
?fmul32_l0_l0_l1        0x008622         Code  Gb  float.o [4]
?fsub32_l0_l0_0x        0x008540         Code  Gb  float.o [4]
?fsub32_l0_l0_l1        0x008543         Code  Gb  float.o [4]
?inc32_0x_0x            0x008b25         Code  Gb  long.o [4]
?inc32_l0_l0            0x008b20         Code  Gb  long.o [4]
?l0                     0x000000         Data  Gb  vregs.o [4]
?l1                     0x000004         Data  Gb  vregs.o [4]
?l2                     0x000008         Data  Gb  vregs.o [4]
?l3                     0x00000c         Data  Gb  vregs.o [4]
?load32_0x_l0           0x0098c4         Code  Gb  long_util.o [4]
?load32_l0_0x           0x0098ac         Code  Gb  long_util.o [4]
?load32_l1_0x           0x0098b8         Code  Gb  long_util.o [4]
?mov_e0_e1              0x008e76         Code  Gb  vreg_util.o [4]
?mov_e0_e2              0x008e83         Code  Gb  vreg_util.o [4]
?mov_e0_e3              0x008e90         Code  Gb  vreg_util.o [4]
?mov_e1_e0              0x008e9d         Code  Gb  vreg_util.o [4]
?mov_e1_e2              0x008eaa         Code  Gb  vreg_util.o [4]
?mov_e1_e3              0x008eb7         Code  Gb  vreg_util.o [4]
?mov_e2_e0              0x008ec4         Code  Gb  vreg_util.o [4]
?mov_e3_e0              0x008ed1         Code  Gb  vreg_util.o [4]
?mov_l0_l1              0x008e73         Code  Gb  vreg_util.o [4]
?mov_l0_l2              0x008e80         Code  Gb  vreg_util.o [4]
?mov_l0_l3              0x008e8d         Code  Gb  vreg_util.o [4]
?mov_l1_l0              0x008e9a         Code  Gb  vreg_util.o [4]
?mov_l1_l2              0x008ea7         Code  Gb  vreg_util.o [4]
?mov_l1_l3              0x008eb4         Code  Gb  vreg_util.o [4]
?mov_l2_l0              0x008ec1         Code  Gb  vreg_util.o [4]
?mov_l3_l0              0x008ece         Code  Gb  vreg_util.o [4]
?mov_w1_w3              0x008e79         Code  Gb  vreg_util.o [4]
?mov_w1_w5              0x008e86         Code  Gb  vreg_util.o [4]
?mov_w1_w7              0x008e93         Code  Gb  vreg_util.o [4]
?mov_w3_w1              0x008ea0         Code  Gb  vreg_util.o [4]
?mov_w3_w5              0x008ead         Code  Gb  vreg_util.o [4]
?mov_w3_w7              0x008eba         Code  Gb  vreg_util.o [4]
?mov_w5_w1              0x008ec7         Code  Gb  vreg_util.o [4]
?mov_w7_w1              0x008ed4         Code  Gb  vreg_util.o [4]
?mul32_l0_l0_0x         0x008b51         Code  Gb  long.o [4]
?mul32_l0_l0_dl         0x008b4e         Code  Gb  long.o [4]
?mul32_l0_l0_l1         0x008b5a         Code  Gb  long.o [4]
?pop_l0                 0x008e2d         Code  Gb  vreg_util.o [4]
?pop_l1                 0x008e38         Code  Gb  vreg_util.o [4]
?pop_l2                 0x008e43         Code  Gb  vreg_util.o [4]
?pop_l3                 0x008e4e         Code  Gb  vreg_util.o [4]
?pop_w4                 0x008de6         Code  Gb  vreg_util.o [4]
?pop_w6                 0x008ded         Code  Gb  vreg_util.o [4]
?push_l0                0x008dfc         Code  Gb  vreg_util.o [4]
?push_l1                0x008e01         Code  Gb  vreg_util.o [4]
?push_l2                0x008e06         Code  Gb  vreg_util.o [4]
?push_l3                0x008e0b         Code  Gb  vreg_util.o [4]
?push_w4                0x008dc9         Code  Gb  vreg_util.o [4]
?push_w6                0x008dce         Code  Gb  vreg_util.o [4]
?scmp32_c_l0_l1         0x008c9e         Code  Gb  long.o [4]
?sdiv32_l0_l0_dl        0x008c4a         Code  Gb  long.o [4]
?sdiv32_l0_l0_l1        0x008c4d         Code  Gb  long.o [4]
?sll16_x_x_4            0x009acc         Code  Gb  short.o [4]
?sll16_x_x_5            0x009acb         Code  Gb  short.o [4]
?sll16_x_x_6            0x009aca         Code  Gb  short.o [4]
?sll16_x_x_a            0x009ac2         Code  Gb  short.o [4]
?smod32_l1_l0_dl        0x008c45         Code  Gb  long.o [4]
?smod32_l1_l0_l1        0x008c4d         Code  Gb  long.o [4]
?sub32_l0_l0_0x         0x008b36         Code  Gb  long.o [4]
?sub32_l0_l0_l1         0x008b33         Code  Gb  long.o [4]
?ucmp32_c_l0_l1         0x008c93         Code  Gb  long.o [4]
?udiv32_l0_l0_l1        0x008bd8         Code  Gb  long.o [4]
?umod32_l1_l0_l1        0x008bd8         Code  Gb  long.o [4]
?w0                     0x000000         Data  Gb  vregs.o [4]
?w1                     0x000002         Data  Gb  vregs.o [4]
?w2                     0x000004         Data  Gb  vregs.o [4]
?w3                     0x000006         Data  Gb  vregs.o [4]
?w4                     0x000008         Data  Gb  vregs.o [4]
?w5                     0x00000a         Data  Gb  vregs.o [4]
?w6                     0x00000c         Data  Gb  vregs.o [4]
?w7                     0x00000e         Data  Gb  vregs.o [4]
ADC1_ClearFlag          0x009211   0xb7  Code  Gb  stm8s_adc1.o [1]
ADC1_ConversionConfig   0x00909c   0xbe  Code  Gb  stm8s_adc1.o [1]
ADC1_DeInit             0x0097d1   0x31  Code  Gb  stm8s_adc1.o [1]
ADC1_ExternalTriggerConfig
                        0x009464   0x59  Code  Gb  stm8s_adc1.o [1]
ADC1_GetConversionValue
                        0x009669   0x53  Code  Gb  stm8s_adc1.o [1]
ADC1_GetFlagStatus      0x00915a   0xb7  Code  Gb  stm8s_adc1.o [1]
ADC1_IRQHandler         0x009b58    0x1  Code  Gb  stm8s_it.o [1]
ADC1_Init               0x008986  0x19a  Code  Gb  stm8s_adc1.o [1]
ADC1_PrescalerConfig    0x009614   0x55  Code  Gb  stm8s_adc1.o [1]
ADC1_SchmittTriggerConfig
                        0x008edb   0xfc  Code  Gb  stm8s_adc1.o [1]
ADC1_StartConversion    0x009b22    0x5  Code  Gb  stm8s_adc1.o [1]
AWU_IRQHandler          0x009b4a    0x1  Code  Gb  stm8s_it.o [1]
Bat_High                0x000018    0x4  Data  Gb  main.o [1]
Bat_Low                 0x00001c    0x4  Data  Gb  main.o [1]
Bat_Volt                0x00002c    0x4  Data  Gb  main.o [1]
Battery_Ok              0x00004b    0x1  Data  Gb  main.o [1]
Button_Pressed_Count    0x000048    0x1  Data  Gb  main.o [1]
CLK_HSIPrescalerConfig  0x00975d   0x3d  Code  Gb  stm8s_clk.o [1]
CLK_IRQHandler          0x009b4b    0x1  Code  Gb  stm8s_it.o [1]
CSTACK$$Base            0x000300          --   Gb  - Linker created -
CSTACK$$Limit           0x000400          --   Gb  - Linker created -
Capacity                0x000020    0x4  Data  Gb  main.o [1]
Check_Complete          0x00004a    0x1  Data  Gb  main.o [1]
Current                 0x000024    0x4  Data  Gb  main.o [1]
Digit_Extract_Decimal   0x0092c8   0x86  Code  Gb  main.o [1]
EEPROM_EEC_IRQHandler   0x009b59    0x1  Code  Gb  stm8s_it.o [1]
EXTI_PORTA_IRQHandler   0x00979a   0x37  Code  Gb  main.o [1]
EXTI_PORTB_IRQHandler   0x009b4c    0x1  Code  Gb  stm8s_it.o [1]
EXTI_PORTC_IRQHandler   0x009b4d    0x1  Code  Gb  stm8s_it.o [1]
EXTI_PORTD_IRQHandler   0x009b4e    0x1  Code  Gb  stm8s_it.o [1]
EXTI_PORTE_IRQHandler   0x009b4f    0x1  Code  Gb  stm8s_it.o [1]
GPIO_Init               0x008cb5  0x114  Code  Gb  stm8s_gpio.o [1]
GPIO_ReadInputData      0x009b27    0x5  Code  Gb  stm8s_gpio.o [1]
GPIO_ReadInputPin       0x009afb    0x9  Code  Gb  stm8s_gpio.o [1]
GPIO_Write              0x009b46    0x2  Code  Gb  stm8s_gpio.o [1]
GPIO_WriteHigh          0x009b04    0x7  Code  Gb  stm8s_gpio.o [1]
GPIO_WriteLow           0x009b31    0x4  Code  Gb  stm8s_gpio.o [1]
Get_ADC_Value           0x009831   0x2c  Code  Gb  main.o [1]
I2C_IRQHandler          0x009b57    0x1  Code  Gb  stm8s_it.o [1]
INTVEC$$Base            0x008000          --   Gb  - Linker created -
INTVEC$$Limit           0x008080          --   Gb  - Linker created -
LCD_DisplayFloatNumber  0x00934e   0x64  Code  Gb  main.o [1]
Lcd_Cmd                 0x00940b   0x59  Code  Gb  lcd_4bit.o [1]
Lcd_Data                0x0093b2   0x59  Code  Gb  lcd_4bit.o [1]
Lcd_Enable              0x009961   0x22  Code  Gb  lcd_4bit.o [1]
Lcd_Init                0x008fd7   0xc5  Code  Gb  lcd_4bit.o [1]
Lcd_String              0x0099b3   0x1c  Code  Gb  lcd_4bit.o [1]
Measurement_Complete    0x000049    0x1  Data  Gb  main.o [1]
Millis_Init             0x0098d2   0x24  Code  Gb  millis.o [1]
Region$$Table$$Base     0x009983          --   Gb  - Linker created -
Region$$Table$$Limit    0x009995          --   Gb  - Linker created -
Res_Value               0x000010    0x4  Data  Gb  main.o [1]
Res_Volt                0x000030    0x4  Data  Gb  main.o [1]
SPI_IRQHandler          0x009b50    0x1  Code  Gb  stm8s_it.o [1]
TIM1_CAP_COM_IRQHandler
                        0x009b52    0x1  Code  Gb  stm8s_it.o [1]
TIM1_UPD_OVF_TRG_BRK_IRQHandler
                        0x009b51    0x1  Code  Gb  stm8s_it.o [1]
TIM2_CAP_COM_IRQHandler
                        0x009b54    0x1  Code  Gb  stm8s_it.o [1]
TIM2_UPD_OVF_BRK_IRQHandler
                        0x009b53    0x1  Code  Gb  stm8s_it.o [1]
TIM4_ClearFlag          0x0098f6   0x24  Code  Gb  stm8s_tim4.o [1]
TIM4_ClearITPendingBit  0x00991a   0x24  Code  Gb  stm8s_tim4.o [1]
TIM4_Cmd                0x009802   0x2f  Code  Gb  stm8s_tim4.o [1]
TIM4_DeInit             0x0099cf   0x19  Code  Gb  stm8s_tim4.o [1]
TIM4_ITConfig           0x00970d   0x50  Code  Gb  stm8s_tim4.o [1]
TIM4_TimeBaseInit       0x0096bc   0x51  Code  Gb  stm8s_tim4.o [1]
TIM4_UPD_OVF_IRQHandler
                        0x009885   0x27  Code  Gb  millis.o [1]
TLI_IRQHandler          0x009b49    0x1  Code  Gb  stm8s_it.o [1]
TRAP_IRQHandler         0x009b48    0x1  Code  Gb  stm8s_it.o [1]
UART1_RX_IRQHandler     0x009b56    0x1  Code  Gb  stm8s_it.o [1]
UART1_TX_IRQHandler     0x009b55    0x1  Code  Gb  stm8s_it.o [1]
Vcc                     0x000014    0x4  Data  Gb  main.o [1]
__DebugBreak            0x009b5a    0x1  Code  Gb  __dbg_break.o [3]
__exit                  0x009a17   0x14  Code  Gb  __dbg_xxexit.o [3]
__iar_copy_init2        0x00985d         Code  Gb  init_small.o [4]
__iar_data_init2        0x009a00   0x17  Code  Gb  init.o [4]
__iar_program_start     0x009a2b         Code  Gb  cstartup.o [4]
__iar_unhandled_exception
                        0x009b41         Code  Gb  unhandled_exception.o [4]
__iar_zero_init2        0x009995         Code  Gb  init_small.o [4]
__intvec                0x008000         Data  Gb  interrupt.o [4]
__low_level_init        0x009b3b    0x3  Code  Gb  low_level_init.o [4]
_exit                   0x009b2c         Code  Gb  cexit.o [4]
_interrupt_1            0x009b48         Code  Gb  stm8s_it.o [1]
_interrupt_12           0x009b50         Code  Gb  stm8s_it.o [1]
_interrupt_13           0x009b51         Code  Gb  stm8s_it.o [1]
_interrupt_14           0x009b52         Code  Gb  stm8s_it.o [1]
_interrupt_15           0x009b53         Code  Gb  stm8s_it.o [1]
_interrupt_16           0x009b54         Code  Gb  stm8s_it.o [1]
_interrupt_19           0x009b55         Code  Gb  stm8s_it.o [1]
_interrupt_2            0x009b49         Code  Gb  stm8s_it.o [1]
_interrupt_20           0x009b56         Code  Gb  stm8s_it.o [1]
_interrupt_21           0x009b57         Code  Gb  stm8s_it.o [1]
_interrupt_24           0x009b58         Code  Gb  stm8s_it.o [1]
_interrupt_25           0x009885         Code  Gb  millis.o [1]
_interrupt_26           0x009b59         Code  Gb  stm8s_it.o [1]
_interrupt_3            0x009b4a         Code  Gb  stm8s_it.o [1]
_interrupt_4            0x009b4b         Code  Gb  stm8s_it.o [1]
_interrupt_5            0x00979a         Code  Gb  main.o [1]
_interrupt_6            0x009b4c         Code  Gb  stm8s_it.o [1]
_interrupt_7            0x009b4d         Code  Gb  stm8s_it.o [1]
_interrupt_8            0x009b4e         Code  Gb  stm8s_it.o [1]
_interrupt_9            0x009b4f         Code  Gb  stm8s_it.o [1]
assert_failed           0x009b44    0x2  Code  Gb  main.o [1]
current_millis          0x000044    0x4  Data  Gb  millis.o [1]
delay_ms                0x00993e   0x23  Code  Gb  millis.o [1]
exit                    0x009b3e    0x3  Code  Gb  exit.o [4]
mA                      0x000028    0x4  Data  Gb  main.o [1]
main                    0x008080  0x4a3  Code  Gb  main.o [1]
millis                  0x009b17    0x6  Code  Gb  millis.o [1]
millisPassed            0x000038    0x4  Data  Gb  main.o [1]
previousMillis          0x000034    0x4  Data  Gb  main.o [1]
sample1                 0x00003c    0x4  Data  Gb  main.o [1]
sample2                 0x000040    0x4  Data  Gb  main.o [1]


[1] = C:\Users\sam\Desktop\BatteryCapacity\Firmware\EWSTM8\Debug\Obj
[2] = command line
[3] = dbgstm8smd.a
[4] = dlstm8smn.a

  6 320 bytes of readonly  code memory
    683 bytes of readonly  data memory
    332 bytes of readwrite data memory

Errors: none
Warnings: none
